2026-06-04T17:55:55.100 INFO  console - Installing service 'Hermes SysHealth API (HermesSysHealthAPI)'...
2026-06-04T17:55:55.164 INFO  console - Service 'Hermes SysHealth API (HermesSysHealthAPI)' was installed successfully.
2026-06-04T17:55:55.506 INFO  console - Service 'Hermes SysHealth API (HermesSysHealthAPI)' was refreshed successfully.
2026-06-04T17:55:55.899 INFO  console - Starting service 'Hermes SysHealth API (HermesSysHealthAPI)'...
2026-06-04T17:55:56.194 DEBUG console - Starting WinSW in service mode.
2026-06-04T17:55:56.232 INFO  console - Service 'Hermes SysHealth API (HermesSysHealthAPI)' was refreshed successfully.
2026-06-04T17:55:56.249 INFO  service - Starting python
2026-06-04T17:55:56.290 ERROR service - Failed to start service.
System.ComponentModel.Win32Exception (2): An error occurred trying to start process 'python' with working directory 'C:\Users\Leand\OneDrive\Desktop\hermes-lite'. O sistema não pode encontrar o arquivo especificado.
   at System.Diagnostics.Process.StartWithCreateProcess(ProcessStartInfo)
   at System.Diagnostics.Process.StartCore(ProcessStartInfo)
   at System.Diagnostics.Process.Start()
   at System.Diagnostics.Process.Start(ProcessStartInfo)
   at WinSW.WrapperService.StartProcess(String, String, LogHandler , Action`1 )
   at WinSW.WrapperService.DoStart()
   at WinSW.WrapperService.OnStart(String[])
2026-06-04T17:55:57.295 FATAL console - Failed to start the service.
2026-06-04T17:57:24.907 INFO  console - Service 'Hermes SysHealth API (HermesSysHealthAPI)' was refreshed successfully.
2026-06-04T17:57:24.934 INFO  console - Stopping service 'Hermes SysHealth API (HermesSysHealthAPI)'...
2026-06-04T17:57:24.943 INFO  console - Service 'Hermes SysHealth API (HermesSysHealthAPI)' has already stopped.
2026-06-04T17:57:25.254 INFO  console - Uninstalling service 'Hermes SysHealth API (HermesSysHealthAPI)'...
2026-06-04T17:57:25.291 INFO  console - Service 'Hermes SysHealth API (HermesSysHealthAPI)' was uninstalled successfully.
2026-06-04T17:57:25.598 INFO  console - Installing service 'Hermes SysHealth API (HermesSysHealthAPI)'...
2026-06-04T17:57:25.643 INFO  console - Service 'Hermes SysHealth API (HermesSysHealthAPI)' was installed successfully.
2026-06-04T17:57:25.973 INFO  console - Service 'Hermes SysHealth API (HermesSysHealthAPI)' was refreshed successfully.
2026-06-04T17:57:25.998 INFO  console - Starting service 'Hermes SysHealth API (HermesSysHealthAPI)'...
2026-06-04T17:57:26.291 DEBUG console - Starting WinSW in service mode.
2026-06-04T17:57:26.330 INFO  console - Service 'Hermes SysHealth API (HermesSysHealthAPI)' was refreshed successfully.
2026-06-04T17:57:26.348 INFO  service - Starting C:\Users\Leand\AppData\Local\Programs\Python\Python313\python.exe
2026-06-04T17:57:26.389 INFO  service - Started process python (27588).
2026-06-04T17:57:26.415 INFO  service - Service started successfully.
2026-06-04T17:57:26.603 INFO  console - Service 'Hermes SysHealth API (HermesSysHealthAPI)' started successfully.
2026-06-04T17:57:26.763 WARN  service - Child process 'python (27588)' finished with code 1.
2026-06-04T18:23:50.903 DEBUG console - Starting WinSW in service mode.
2026-06-04T18:23:50.942 INFO  console - Service 'Hermes SysHealth API (HermesSysHealthAPI)' was refreshed successfully.
2026-06-04T18:23:50.958 INFO  service - Starting C:\Users\Leand\AppData\Local\Programs\Python\Python313\python.exe
2026-06-04T18:23:50.999 INFO  service - Started process python (28008).
2026-06-04T18:23:51.024 INFO  service - Service started successfully.
2026-06-04T18:23:51.324 WARN  service - Child process 'python (28008)' finished with code 1.
2026-06-04T18:27:10.370 INFO  console - Installing service 'Hermes SysHealth API (HermesSysHealthAPI)'...
2026-06-04T18:27:10.406 ERROR console - A service with ID 'HermesSysHealthAPI' already exists.
2026-06-04T18:27:10.411 FATAL console - Failed to install the service. O serviço especificado já existe.
2026-06-04T18:27:10.740 INFO  console - Service 'Hermes SysHealth API (HermesSysHealthAPI)' was refreshed successfully.
2026-06-04T18:27:10.766 INFO  console - Starting service 'Hermes SysHealth API (HermesSysHealthAPI)'...
2026-06-04T18:27:11.058 DEBUG console - Starting WinSW in service mode.
2026-06-04T18:27:11.098 INFO  console - Service 'Hermes SysHealth API (HermesSysHealthAPI)' was refreshed successfully.
2026-06-04T18:27:11.114 INFO  service - Starting C:\Users\Leand\AppData\Local\Programs\Python\Python313\python.exe
2026-06-04T18:27:11.155 INFO  service - Started process python (23252).
2026-06-04T18:27:11.180 INFO  service - Service started successfully.
2026-06-04T18:27:11.372 INFO  console - Service 'Hermes SysHealth API (HermesSysHealthAPI)' started successfully.
2026-06-04T18:27:11.479 WARN  service - Child process 'python (23252)' finished with code 1.
2026-06-04T18:28:50.532 INFO  console - Uninstalling service 'Hermes SysHealth API (HermesSysHealthAPI)'...
2026-06-04T18:28:50.569 INFO  console - Service 'Hermes SysHealth API (HermesSysHealthAPI)' was uninstalled successfully.
2026-06-04T18:28:50.878 INFO  console - Installing service 'Hermes SysHealth API (HermesSysHealthAPI)'...
2026-06-04T18:28:50.931 INFO  console - Service 'Hermes SysHealth API (HermesSysHealthAPI)' was installed successfully.
2026-06-04T18:28:51.270 INFO  console - Starting service 'Hermes SysHealth API (HermesSysHealthAPI)'...
2026-06-04T18:28:51.592 DEBUG console - Starting WinSW in service mode.
2026-06-04T18:28:51.641 INFO  service - Starting C:\Users\Leand\AppData\Local\Programs\Python\Python313\python.exe
2026-06-04T18:28:51.683 INFO  service - Started process python (25584).
2026-06-04T18:28:51.708 INFO  service - Service started successfully.
2026-06-04T18:28:51.885 INFO  console - Service 'Hermes SysHealth API (HermesSysHealthAPI)' started successfully.
2026-06-04T18:28:52.012 WARN  service - Child process 'python (25584)' finished with code 1.
2026-06-04T18:29:22.343 DEBUG console - Starting WinSW in service mode.
2026-06-04T18:29:22.397 INFO  service - Starting C:\Users\Leand\AppData\Local\Programs\Python\Python313\python.exe
2026-06-04T18:29:22.441 INFO  service - Started process python (27960).
2026-06-04T18:29:22.468 INFO  service - Service started successfully.
2026-06-04T18:29:22.800 WARN  service - Child process 'python (27960)' finished with code 1.
2026-06-04T18:30:23.146 DEBUG console - Starting WinSW in service mode.
2026-06-04T18:30:23.197 INFO  service - Starting C:\Users\Leand\AppData\Local\Programs\Python\Python313\python.exe
2026-06-04T18:30:23.240 INFO  service - Started process python (17604).
2026-06-04T18:30:23.266 INFO  service - Service started successfully.
2026-06-04T18:30:23.578 WARN  service - Child process 'python (17604)' finished with code 1.
2026-06-05T09:17:15.356 DEBUG console - Starting WinSW in service mode.
2026-06-05T09:17:15.707 INFO  service - Starting C:\Users\Leand\AppData\Local\Programs\Python\Python313\python.exe
2026-06-05T09:17:15.827 INFO  service - Started process python (8524).
2026-06-05T09:17:15.876 INFO  service - Service started successfully.
2026-06-05T09:17:17.515 WARN  service - Child process 'python (8524)' finished with code 1.
2026-06-05T09:17:48.278 DEBUG console - Starting WinSW in service mode.
2026-06-05T09:17:48.518 INFO  service - Starting C:\Users\Leand\AppData\Local\Programs\Python\Python313\python.exe
2026-06-05T09:17:49.207 INFO  service - Started process python (15136).
2026-06-05T09:17:49.376 INFO  service - Service started successfully.
2026-06-05T09:17:49.948 WARN  service - Child process 'python (15136)' finished with code 1.
2026-06-05T09:18:50.268 DEBUG console - Starting WinSW in service mode.
2026-06-05T09:18:50.319 INFO  service - Starting C:\Users\Leand\AppData\Local\Programs\Python\Python313\python.exe
2026-06-05T09:18:50.362 INFO  service - Started process python (17208).
2026-06-05T09:18:50.387 INFO  service - Service started successfully.
2026-06-05T09:18:51.744 WARN  service - Child process 'python (17208)' finished with code 1.
2026-06-05T09:23:22.151 DEBUG console - Starting WinSW in service mode.
2026-06-05T09:23:23.649 INFO  service - Starting C:\Users\Leand\AppData\Local\Programs\Python\Python313\python.exe
2026-06-05T09:23:23.730 INFO  service - Started process python (21876).
2026-06-05T09:23:23.774 INFO  service - Service started successfully.
2026-06-05T09:23:24.226 WARN  service - Child process 'python (21876)' finished with code 1.
2026-06-05T09:23:26.762 DEBUG console - Starting WinSW in service mode.
2026-06-05T09:23:26.822 INFO  service - Starting C:\Users\Leand\AppData\Local\Programs\Python\Python313\python.exe
2026-06-05T09:23:26.873 INFO  service - Started process python (21972).
2026-06-05T09:23:26.903 INFO  service - Service started successfully.
2026-06-05T09:23:27.272 WARN  service - Child process 'python (21972)' finished with code 1.
